Run successfully completed
Final P-machine state:
PC = 50   MP = 0   SP = 0   EP = -1   NP = 100   code size = 51
STORE = 
(0,Int 1)
(1,Int 0)
(2,Int 1)
(3,Int 0)
(4,Int 0)
(5,Int (-1))
(6,Int 49)
(7,Int 7)
(8,Int 15)
(9,Int 2)
(10,Int 1)
(11,Int 0)
(12,Int 2)
(13,Int 22)
(14,Int 42)
(15,Int 15)
(16,Int 7)
(17,Int 10)
(18,Int 1)
(19,Int 0)
(20,Int 10)
(21,Int 30)
(22,Int 42)
(23,Int 7)
(24,Int 1)
(25,Int 18)
(26,Int 1)
(27,Int 0)
(28,Int 18)
(29,Int 38)
(30,Int 42)
(31,Int 1)
(32,Int 0)
(33,Int 26)
(34,Int 1)
(35,Int 38)
(36,Int 41)
(37,Int 7)
(38,Int 1)
(39,Int 32)
(40,Int 0)
(41,Int 7)
(42,Int 1)
(43,Null)
(44,Null)
(45,Null)
(46,Null)
(47,Null)
(48,Null)
(49,Null)
(50,Null)
(51,Null)
(52,Null)
(53,Null)
(54,Null)
(55,Null)
(56,Null)
(57,Null)
(58,Null)
(59,Null)
(60,Null)
(61,Null)
(62,Null)
(63,Null)
(64,Null)
(65,Null)
(66,Null)
(67,Null)
(68,Null)
(69,Null)
(70,Null)
(71,Null)
(72,Null)
(73,Null)
(74,Null)
(75,Null)
(76,Null)
(77,Null)
(78,Null)
(79,Null)
(80,Null)
(81,Null)
(82,Null)
(83,Null)
(84,Null)
(85,Null)
(86,Null)
(87,Null)
(88,Null)
(89,Null)
(90,Null)
(91,Null)
(92,Null)
(93,Null)
(94,Null)
(95,Null)
(96,Null)
(97,Null)
(98,Null)
(99,Null)
