Run successfully completed
Final P-machine state:
PC = 59   MP = 0   SP = 8   EP = -1   NP = 100   code size = 60
STORE = 
(0,Int 1)
(1,Int 1)
(2,Int 2)
(3,Int 3)
(4,Int 5)
(5,Int 8)
(6,Int 13)
(7,Int 21)
(8,Int 8)
(9,Bool False)
(10,Int 7)
(11,Int 1)
(12,Int 0)
(13,Int (-1))
(14,Int 51)
(15,Int 7)
(16,Int 10)
(17,Int 21)
(18,Int 8)
(19,Int 0)
(20,Int 10)
(21,Int 24)
(22,Int 31)
(23,Int 5)
(24,Int 18)
(25,Int 8)
(26,Int 3)
(27,Int 0)
(28,Int 18)
(29,Int 32)
(30,Int 31)
(31,Int 3)
(32,Int 26)
(33,Int 3)
(34,Int 1)
(35,Int 0)
(36,Int 26)
(37,Int 40)
(38,Int 31)
(39,Int 1)
(40,Int 34)
(41,Int 1)
(42,Int 1)
(43,Int 33)
(44,Int 47)
(45,Int 31)
(46,Int 0)
(47,Int 41)
(48,Int 1)
(49,Int 1)
(50,Int 53)
(51,Int 31)
(52,Int 0)
(53,Int 47)
(54,Int 1)
(55,Int 1)
(56,Int 59)
(57,Int 31)
(58,Int 0)
(59,Int 53)
(60,Int 1)
(61,Int 1)
(62,Null)
(63,Null)
(64,Null)
(65,Null)
(66,Null)
(67,Null)
(68,Null)
(69,Null)
(70,Null)
(71,Null)
(72,Null)
(73,Null)
(74,Null)
(75,Null)
(76,Null)
(77,Null)
(78,Null)
(79,Null)
(80,Null)
(81,Null)
(82,Null)
(83,Null)
(84,Null)
(85,Null)
(86,Null)
(87,Null)
(88,Null)
(89,Null)
(90,Null)
(91,Null)
(92,Null)
(93,Null)
(94,Null)
(95,Null)
(96,Null)
(97,Null)
(98,Null)
(99,Null)
