Run successfully completed
Final P-machine state:
PC = 612   MP = 0   SP = 11   EP = -1   NP = 100   code size = 613
STORE = 
(0,Int 1)
(1,Int (-1))
(2,Int (-1))
(3,Int 2)
(4,Int (-6))
(5,Int 0)
(6,Int 0)
(7,Int (-6))
(8,Int (-7))
(9,Int 0)
(10,Int 0)
(11,Int (-7))
(12,Int 3)
(13,Int 0)
(14,Int 0)
(15,Int (-1))
(16,Int 612)
(17,Int 8)
(18,Int 4)
(19,Int 2)
(20,Int 0)
(21,Int 12)
(22,Int 25)
(23,Int 194)
(24,Int 4)
(25,Int 8)
(26,Int 2)
(27,Int 2)
(28,Bool False)
(29,Int 1)
(30,Int 1)
(31,Int 1)
(32,Int 1)
(33,Int 1)
(34,Int (-1))
(35,Int 1)
(36,Int 24)
(37,Int 2)
(38,Int 2)
(39,Bool False)
(40,Int 1)
(41,Int 1)
(42,Null)
(43,Null)
(44,Null)
(45,Null)
(46,Null)
(47,Null)
(48,Null)
(49,Null)
(50,Null)
(51,Null)
(52,Null)
(53,Null)
(54,Null)
(55,Null)
(56,Null)
(57,Null)
(58,Null)
(59,Null)
(60,Null)
(61,Null)
(62,Null)
(63,Null)
(64,Null)
(65,Null)
(66,Null)
(67,Null)
(68,Null)
(69,Null)
(70,Null)
(71,Null)
(72,Null)
(73,Null)
(74,Null)
(75,Null)
(76,Null)
(77,Null)
(78,Null)
(79,Null)
(80,Null)
(81,Null)
(82,Null)
(83,Null)
(84,Null)
(85,Null)
(86,Null)
(87,Null)
(88,Null)
(89,Null)
(90,Null)
(91,Null)
(92,Null)
(93,Null)
(94,Null)
(95,Null)
(96,Null)
(97,Null)
(98,Null)
(99,Null)
