Run successfully completed
Final P-machine state:
PC = 218   MP = 0   SP = 27   EP = -1   NP = 100   code size = 219
STORE = 
(0,Int 28709)
(1,Int 2)
(2,Int 2)
(3,Int 2)
(4,Int 4)
(5,Int 2)
(6,Int 2)
(7,Int 2)
(8,Int 9)
(9,Int 2)
(10,Int 2)
(11,Int 2)
(12,Int 14)
(13,Int 22)
(14,Bool False)
(15,Int 2)
(16,Int 2)
(17,Int 2)
(18,Int 4)
(19,Int 2)
(20,Int 2)
(21,Int 2)
(22,Int 9)
(23,Int 2)
(24,Int 2)
(25,Int 2)
(26,Int 14)
(27,Int 3)
(28,Bool False)
(29,Int 0)
(30,Int 0)
(31,Int (-1))
(32,Int 218)
(33,Int 1)
(34,Int 2)
(35,Int 2)
(36,Int 2)
(37,Int 4)
(38,Int 2)
(39,Int 2)
(40,Int 2)
(41,Int 9)
(42,Int 2)
(43,Int 2)
(44,Int 2)
(45,Int 14)
(46,Int 3)
(47,Bool False)
(48,Int 2)
(49,Int 1)
(50,Int 54)
(51,Int 142)
(52,Int 9)
(53,Int 42)
(54,Int 3)
(55,Int 12)
(56,Int 14)
(57,Int 1)
(58,Int 34)
(59,Int 190932164)
(60,Int 65535)
(61,Int 54)
(62,Int 28709)
(63,Int 190903455)
(64,Int 65535)
(65,Null)
(66,Null)
(67,Null)
(68,Null)
(69,Null)
(70,Null)
(71,Null)
(72,Null)
(73,Null)
(74,Null)
(75,Null)
(76,Null)
(77,Null)
(78,Null)
(79,Null)
(80,Null)
(81,Null)
(82,Null)
(83,Null)
(84,Null)
(85,Null)
(86,Null)
(87,Null)
(88,Null)
(89,Null)
(90,Null)
(91,Null)
(92,Null)
(93,Null)
(94,Null)
(95,Null)
(96,Null)
(97,Null)
(98,Null)
(99,Null)
